
> virl-in@0.1.0 build
> next build --no-lint

node.exe :  ΓÜá Linting is disabled.
At line:1 char:1
+ & "C:\Program Files\nodejs/node.exe" "C:\Program 
Files\nodejs/node_mo ...
+ ~~~~~~~~~~~~~~~~~~~~~~~~~~~~~~~~~~~~~~~~~~~~~~~~~~~~~~~~~~~~
~~~~~~~~~
    + CategoryInfo          : NotSpecified: ( ΓÜá Linting is  
   disabled.:String) [], RemoteException
    + FullyQualifiedErrorId : NativeCommandError
 
   Γû▓ Next.js 15.1.0
   - Environments: .env.local

   Creating an optimized production build ...
 Γ£ô Compiled successfully
   Checking validity of types ...
Failed to compile.

./components/landing-lovable/ui/resizable.tsx:2:37
Type error: Cannot find module 'react-resizable-panels' or 
its corresponding type declarations.

[0m [90m 1 |[39m [36mimport[39m { [33mGripVertical[39m 
} [36mfrom[39m [32m"lucide-react"[39m[33m;[39m[0m
[0m[31m[1m>[22m[39m[90m 2 |[39m [36mimport[39m 
[33m*[39m [36mas[39m [33mResizablePrimitive[39m 
[36mfrom[39m 
[32m"react-resizable-panels"[39m[33m;[39m[0m
[0m [90m   |[39m                                     
[31m[1m^[22m[39m[0m
[0m [90m 3 |[39m[0m
[0m [90m 4 |[39m [36mimport[39m { cn } [36mfrom[39m 
[32m"@/lib/utils"[39m[33m;[39m[0m
[0m [90m 5 |[39m[0m
